// Jest Snapshot v1, https://goo.gl/fbAQLP

exports[`<Card/> Debe ejecutar render correctamente 1`] = `ShallowWrapper {}`;
