// Jest Snapshot v1, https://goo.gl/fbAQLP

exports[`<Home/> Debe ejecutar render correctamente 1`] = `
<div
  className="container"
>
  <h1>
    Post recientes
  </h1>
  <div />
  <div
    className="row mt-4"
  >
    <h3>
      Cargando...
    </h3>
  </div>
</div>
`;
